[0.010s][info][gc] Using Serial
[2.682s][info][gc] GC(0) Pause Young (Allocation Failure) 4M->2M(15M) 4.535ms
[2.790s][info][gc] GC(1) Pause Young (Allocation Failure) 6M->2M(15M) 3.821ms
[2.869s][info][gc] GC(2) Pause Young (Allocation Failure) 7M->4M(15M) 4.250ms
[3.089s][info][gc] GC(3) Pause Young (Allocation Failure) 8M->4M(15M) 3.124ms
[3.320s][info][gc] GC(4) Pause Young (Allocation Failure) 8M->5M(15M) 4.072ms
[24.003s][info][gc] GC(5) Pause Young (Allocation Failure) 9M->5M(15M) 2.518ms
[24.027s][info][gc] GC(6) Pause Young (Allocation Failure) 9M->5M(15M) 0.762ms
[24.043s][info][gc] GC(7) Pause Young (Allocation Failure) 9M->5M(15M) 0.710ms
[24.059s][info][gc] GC(8) Pause Young (Allocation Failure) 9M->5M(15M) 0.696ms
[24.071s][info][gc] GC(9) Pause Young (Allocation Failure) 9M->5M(15M) 0.720ms
[29.357s][info][gc] GC(10) Pause Young (Allocation Failure) 9M->5M(15M) 1.947ms
[67.394s][info][gc] GC(11) Pause Young (Allocation Failure) 9M->5M(15M) 2.077ms
[83.897s][info][gc] GC(12) Pause Young (Allocation Failure) 9M->5M(15M) 1.040ms
[83.906s][info][gc] GC(13) Pause Young (Allocation Failure) 9M->5M(15M) 0.976ms
[83.915s][info][gc] GC(14) Pause Young (Allocation Failure) 9M->5M(15M) 0.968ms
[83.924s][info][gc] GC(15) Pause Young (Allocation Failure) 9M->5M(15M) 1.027ms
[83.933s][info][gc] GC(16) Pause Young (Allocation Failure) 9M->5M(15M) 0.956ms
[104.356s][info][gc] GC(17) Pause Young (Allocation Failure) 9M->5M(15M) 2.138ms
